Microchip MPLAB XC8 Compiler V2.10 ()

Linker command line:

-W-3 --edf=/opt/microchip/xc8/v2.10/pic/dat/en_msgs.txt -cs \
  -h+dist/default/production/motorDriverBoard.X.production.sym \
  --cmf=dist/default/production/motorDriverBoard.X.production.cmf -z \
  -Q16F18875 -o/tmp/xcX0qF8QT --defsym=__MPLAB_BUILD=1 \
  -Mdist/default/production/motorDriverBoard.X.production.map -E1 -ver=XC8 \
  --acfsm=1493 -ASTACK=02059h-023EFh -pstack=STACK -ACODE=00h-07FFhx4 \
  -ASTRCODE=00h-01FFFh -ASTRING=00h-0FFhx32 -ACONST=00h-0FFhx32 \
  -AENTRY=00h-0FFhx32 -ACOMMON=070h-07Fh -ABANK0=020h-06Fh \
  -ABANK1=0A0h-0EFh -ABANK2=0120h-016Fh -ABANK3=01A0h-01EFh \
  -ABANK4=0220h-026Fh -ABANK5=02A0h-02EFh -ABANK6=0320h-036Fh \
  -ABANK7=03A0h-03EFh -ABANK8=0420h-046Fh -ABANK9=04A0h-04EFh \
  -ABANK10=0520h-056Fh -ABANK11=05A0h-05EFh -ABANK12=0620h-064Fh \
  -ABIGRAM=02000h-023EFh \
  -ARAM=020h-06Fh,0A0h-0EFh,0120h-016Fh,01A0h-01EFh,0220h-026Fh,02A0h-02EFh,0320h-036Fh,03A0h-03EFh,0420h-046Fh,04A0h-04EFh,0520h-056Fh,05A0h-05EFh,0620h-064Fh \
  -AABS1=020h-07Fh,0A0h-0EFh,0120h-016Fh,01A0h-01EFh,0220h-026Fh,02A0h-02EFh,0320h-036Fh,03A0h-03EFh,0420h-046Fh,04A0h-04EFh,0520h-056Fh,05A0h-05EFh,0620h-064Fh \
  -ASFR0=00h-01Fh -ASFR1=080h-09Fh -ASFR2=0100h-011Fh -ASFR3=0180h-019Fh \
  -ASFR4=0200h-021Fh -ASFR5=0280h-029Fh -ASFR6=0300h-031Fh \
  -ASFR7=0380h-039Fh -ASFR8=0400h-041Fh -ASFR9=0480h-049Fh \
  -ASFR10=0500h-051Fh -ASFR11=0580h-059Fh -ASFR12=0600h-061Fh \
  -ASFR13=0680h-06EFh -ASFR14=0700h-076Fh -ASFR15=0780h-07EFh \
  -ASFR16=0800h-086Fh -ASFR17=0880h-08EFh -ASFR18=0900h-096Fh \
  -ASFR19=0980h-09EFh -ASFR20=0A00h-0A6Fh -ASFR21=0A80h-0AEFh \
  -ASFR22=0B00h-0B6Fh -ASFR23=0B80h-0BEFh -ASFR24=0C00h-0C6Fh \
  -ASFR25=0C80h-0CEFh -ASFR26=0D00h-0D6Fh -ASFR27=0D80h-0DEFh \
  -ASFR28=0E00h-0E6Fh -ASFR29=0E80h-0EEFh -ASFR30=0F00h-0F6Fh \
  -ASFR31=0F80h-0FEFh -preset_vec=00h,intentry=04h,init,end_init \
  -ppowerup=CODE -pcinit=CODE -pfunctab=ENTRY -ACONFIG=08007h-0800Bh \
  -pconfig=CONFIG -DCONFIG=2 -AIDLOC=08000h-08003h -pidloc=IDLOC -DIDLOC=2 \
  -AEEDATA=00h-0FFh/0F000h -peeprom_data=EEDATA -DEEDATA=2 -DCODE=2 \
  -DSTRCODE=2 -DSTRING=2 -DCONST=2 -DENTRY=2 -k /tmp/xcXGexhr7.o \
  dist/default/production/motorDriverBoard.X.production.o 

Object code version is 3.11

Machine type is 16F18875



                Name                               Link     Load   Length Selector   Space Scale
/tmp/xcXGexhr7.o
                end_init                             10       10        2        8       0
                reset_vec                             0        0        2        0       0
                config                             8007     8007        5    1000E       0
dist/default/production/motorDriverBoard.X.production.o
                cinit                                12       12        C        8       0
                intentry                              4        4        C        8       0
                text26                              B0B      B0B       37     1616       0
                text25                              A0B      A0B       15     1416       0
                text24                              B95      B95       54     172A       0
                text23                              567      567      16E        8       0
                text22                              AB0      AB0       2B     1560       0
                text21                              6D5      6D5       DE        8       0
                text20                              EB2      EB2       98     1D64       0
                text19                              F4A      F4A       B6     1E94       0
                text18                              C9F      C9F       71     193E       0
                text17                              B42      B42       53     1684       0
                text16                              ADB      ADB       30     15B6       0
                text14                              9F1      9F1        A     13E2       0
                text13                              A20      A20       16     1440       0
                text12                              A8D      A8D       23     151A       0
                text11                              C3E      C3E       61     187C       0
                text10                              9FB      9FB       10     13F6       0
                text9                               D10      D10       83     1A20       0
                text8                               A36      A36       16     146C       0
                text7                               BE9      BE9       55     17D2       0
                text6                               3F4      3F4      173        8       0
                text5                               D93      D93       8E     1B26       0
                text4                               7B3      7B3       48        8       0
                text3                                1E       1E      3D6        8       0
                text2                               E21      E21       91     1C42       0
                text1                               A4C      A4C       20     1498       0
                maintext                            A6C      A6C       21     14D8       0
                cstackBANK0                          20       20       2B       20       1
                cstackCOMMON                         70       70        E       70       1
                cstackBANK1                          A0       A0        9       A0       1
                clrtext                             9EB      9EB        6     13D6       0
                bssBANK0                             4B       4B       1F       20       1

TOTAL           Name                               Link     Load   Length     Space
        CLASS   STACK          

        CLASS   CODE           
                end_init                             10       10        2         0
                cinit                                12       12        C         0
                intentry                              4        4        C         0
                reset_vec                             0        0        2         0
                text26                              B0B      B0B       37         0
                text25                              A0B      A0B       15         0
                text24                              B95      B95       54         0
                text23                              567      567      16E         0
                text22                              AB0      AB0       2B         0
                text21                              6D5      6D5       DE         0
                text20                              EB2      EB2       98         0
                text19                              F4A      F4A       B6         0
                text18                              C9F      C9F       71         0
                text17                              B42      B42       53         0
                text16                              ADB      ADB       30         0
                text14                              9F1      9F1        A         0
                text13                              A20      A20       16         0
                text12                              A8D      A8D       23         0
                text11                              C3E      C3E       61         0
                text10                              9FB      9FB       10         0
                text9                               D10      D10       83         0
                text8                               A36      A36       16         0
                text7                               BE9      BE9       55         0
                text6                               3F4      3F4      173         0
                text5                               D93      D93       8E         0
                text4                               7B3      7B3       48         0
                text3                                1E       1E      3D6         0
                text2                               E21      E21       91         0
                text1                               A4C      A4C       20         0
                maintext                            A6C      A6C       21         0
                clrtext                             9EB      9EB        6         0

        CLASS   STRCODE        

        CLASS   STRING         

        CLASS   CONST          

        CLASS   ENTRY          

        CLASS   COMMON         
                cstackCOMMON                         70       70        E         1

        CLASS   BANK0          
                cstackBANK0                          20       20       2B         1
                bssBANK0                             4B       4B       1F         1

        CLASS   BANK1          
                cstackBANK1                          A0       A0        9         1

        CLASS   BANK2          

        CLASS   BANK3          

        CLASS   BANK4          

        CLASS   BANK5          

        CLASS   BANK6          

        CLASS   BANK7          

        CLASS   BANK8          

        CLASS   BANK9          

        CLASS   BANK10         

        CLASS   BANK11         

        CLASS   BANK12         

        CLASS   BIGRAM         

        CLASS   RAM            

        CLASS   ABS1           
                abs_s1                               7E       7E        2         1

        CLASS   SFR0           

        CLASS   SFR1           

        CLASS   SFR2           

        CLASS   SFR3           

        CLASS   SFR4           

        CLASS   SFR5           

        CLASS   SFR6           

        CLASS   SFR7           

        CLASS   SFR8           

        CLASS   SFR9           

        CLASS   SFR10          

        CLASS   SFR11          

        CLASS   SFR12          

        CLASS   SFR13          

        CLASS   SFR14          

        CLASS   SFR15          

        CLASS   SFR16          

        CLASS   SFR17          

        CLASS   SFR18          

        CLASS   SFR19          

        CLASS   SFR20          

        CLASS   SFR21          

        CLASS   SFR22          

        CLASS   SFR23          

        CLASS   SFR24          

        CLASS   SFR25          

        CLASS   SFR26          

        CLASS   SFR27          

        CLASS   SFR28          

        CLASS   SFR29          

        CLASS   SFR30          

        CLASS   SFR31          

        CLASS   CONFIG         
                config                             8007     8007        5         0

        CLASS   IDLOC          

        CLASS   EEDATA         

        CLASS   BANK31         

        CLASS   BANK30         

        CLASS   BANK29         

        CLASS   BANK28         

        CLASS   BANK27         

        CLASS   BANK26         

        CLASS   BANK25         

        CLASS   BANK24         

        CLASS   BANK23         

        CLASS   BANK22         

        CLASS   BANK21         

        CLASS   BANK20         

        CLASS   BANK19         

        CLASS   BANK18         

        CLASS   BANK17         

        CLASS   BANK16         

        CLASS   BANK15         

        CLASS   BANK14         

        CLASS   BANK13         



SEGMENTS        Name                           Load    Length   Top    Selector   Space  Class     Delta

                reset_vec                      000000  000002  000002         0       0  CODE        2
                intentry                       000004  0007F7  0007FB         8       0  CODE        2
                cstackBANK0                    000020  00004A  00006A        20       1  BANK0       1
                cstackCOMMON                   000070  00000E  00007E        70       1  COMMON      1
                cstackBANK1                    0000A0  000009  0000A9        A0       1  BANK1       1
                clrtext                        0009EB  000006  0009F1      13D6       0  CODE        2
                text14                         0009F1  00000A  0009FB      13E2       0  CODE        2
                text10                         0009FB  000010  000A0B      13F6       0  CODE        2
                text25                         000A0B  000015  000A20      1416       0  CODE        2
                text13                         000A20  000016  000A36      1440       0  CODE        2
                text8                          000A36  000016  000A4C      146C       0  CODE        2
                text1                          000A4C  000020  000A6C      1498       0  CODE        2
                maintext                       000A6C  000021  000A8D      14D8       0  CODE        2
                text12                         000A8D  000023  000AB0      151A       0  CODE        2
                text22                         000AB0  00002B  000ADB      1560       0  CODE        2
                text16                         000ADB  000030  000B0B      15B6       0  CODE        2
                text26                         000B0B  000037  000B42      1616       0  CODE        2
                text17                         000B42  000053  000B95      1684       0  CODE        2
                text24                         000B95  000054  000BE9      172A       0  CODE        2
                text7                          000BE9  000055  000C3E      17D2       0  CODE        2
                text11                         000C3E  000061  000C9F      187C       0  CODE        2
                text18                         000C9F  000071  000D10      193E       0  CODE        2
                text9                          000D10  000083  000D93      1A20       0  CODE        2
                text5                          000D93  00008E  000E21      1B26       0  CODE        2
                text2                          000E21  000091  000EB2      1C42       0  CODE        2
                text20                         000EB2  000098  000F4A      1D64       0  CODE        2
                text19                         000F4A  0000B6  001000      1E94       0  CODE        2
                config                         008007  000005  00800C     1000E       0  CONFIG      2


UNUSED ADDRESS RANGES

        Name                Unused          Largest block    Delta
        BANK0            0006A-0006F               6           1
        BANK1            000A9-000EF              47           1
        BANK10           00520-0056F              50           1
        BANK11           005A0-005EF              50           1
        BANK12           00620-0064F              30           1
        BANK2            00120-0016F              50           1
        BANK3            001A0-001EF              50           1
        BANK4            00220-0026F              50           1
        BANK5            002A0-002EF              50           1
        BANK6            00320-0036F              50           1
        BANK7            003A0-003EF              50           1
        BANK8            00420-0046F              50           1
        BANK9            004A0-004EF              50           1
        BIGRAM           02000-023EF             3F0           1
        CODE             00002-00003               2           2
                         007FB-009EA               5
                         01000-01FFF             800
        CONST            00002-00003               2           2
                         007FB-009EA             100
                         01000-01FFF             100
        EEDATA           0F000-0F0FF             100           2
        ENTRY            00002-00003               2           2
                         007FB-009EA             100
                         01000-01FFF             100
        IDLOC            08000-08003               4           2
        RAM              0006A-0006F               6           1
                         000A9-000EF              47
                         00120-0016F              50
                         001A0-001EF              50
                         00220-0026F              50
                         002A0-002EF              50
                         00320-0036F              50
                         003A0-003EF              50
                         00420-0046F              50
                         004A0-004EF              50
                         00520-0056F              50
                         005A0-005EF              50
                         00620-0064F              30
        SFR0             00000-0001F              20           1
        SFR1             00080-0009F              20           1
        SFR10            00500-0051F              20           1
        SFR11            00580-0059F              20           1
        SFR12            00600-0061F              20           1
        SFR13            00680-006EF              70           1
        SFR14            00700-0076F              70           1
        SFR15            00780-007EF              70           1
        SFR16            00800-0086F              70           1
        SFR17            00880-008EF              70           1
        SFR18            00900-0096F              70           1
        SFR19            00980-009EF              70           1
        SFR2             00100-0011F              20           1
        SFR20            00A00-00A6F              70           1
        SFR21            00A80-00AEF              70           1
        SFR22            00B00-00B6F              70           1
        SFR23            00B80-00BEF              70           1
        SFR24            00C00-00C6F              70           1
        SFR25            00C80-00CEF              70           1
        SFR26            00D00-00D6F              70           1
        SFR27            00D80-00DEF              70           1
        SFR28            00E00-00E6F              70           1
        SFR29            00E80-00EEF              70           1
        SFR3             00180-0019F              20           1
        SFR30            00F00-00F6F              70           1
        SFR31            00F80-00FEF              70           1
        SFR4             00200-0021F              20           1
        SFR5             00280-0029F              20           1
        SFR6             00300-0031F              20           1
        SFR7             00380-0039F              20           1
        SFR8             00400-0041F              20           1
        SFR9             00480-0049F              20           1
        STACK            02059-023EF             397           1
        STRCODE          00002-00003               2           2
                         007FB-009EA             1F0
                         01000-01FFF            1000
        STRING           00002-00003               2           2
                         007FB-009EA             100
                         01000-01FFF             100

                                  Symbol Table

_ADACQ                    (abs)        0009D
_ADCLK                    (abs)        00098
_ADCNT                    (abs)        0010C
_ADCON0                   (abs)        00093
_ADCON1                   (abs)        00094
_ADCON2                   (abs)        00095
_ADCON3                   (abs)        00096
_ADPCH                    (abs)        0009E
_ADPRE                    (abs)        0009C
_ADREF                    (abs)        0009A
_ANSELA                   (abs)        00F38
_ANSELB                   (abs)        00F43
_ANSELC                   (abs)        00F4E
_ANSELD                   (abs)        00F59
_ANSELE                   (abs)        00F64
_CCP1CON                  (abs)        0030E
_CCP2CON                  (abs)        00312
_CCP3CON                  (abs)        00316
_CCP4CON                  (abs)        0031A
_CCP5CON                  (abs)        0031E
_CCPR1H                   (abs)        0030D
_CCPR1L                   (abs)        0030C
_CCPR2H                   (abs)        00311
_CCPR2L                   (abs)        00310
_CCPR3H                   (abs)        00315
_CCPR3L                   (abs)        00314
_CCPR4H                   (abs)        00319
_CCPR4L                   (abs)        00318
_CCPR5H                   (abs)        0031D
_CCPR5L                   (abs)        0031C
_CLC1CON                  (abs)        00E10
_CLC1CONbits              (abs)        00E10
_CLC1GLS0                 (abs)        00E16
_CLC1GLS1                 (abs)        00E17
_CLC1GLS2                 (abs)        00E18
_CLC1GLS3                 (abs)        00E19
_CLC1POL                  (abs)        00E11
_CLC1SEL0                 (abs)        00E12
_CLC1SEL1                 (abs)        00E13
_CLC2CON                  (abs)        00E1A
_CLC2CONbits              (abs)        00E1A
_CLC2GLS0                 (abs)        00E20
_CLC2GLS1                 (abs)        00E21
_CLC2GLS2                 (abs)        00E22
_CLC2GLS3                 (abs)        00E23
_CLC2POL                  (abs)        00E1B
_CLC2SEL0                 (abs)        00E1C
_CLC2SEL1                 (abs)        00E1D
_CWG1CLKCON               (abs)        0060C
_CWG1CON0                 (abs)        00610
_CWG1CON0bits             (abs)        00610
_CWG1CON1                 (abs)        00611
_CWG1DBF                  (abs)        0060F
_CWG1DBR                  (abs)        0060E
_CWG1ISM                  (abs)        0060D
_CWG3CLKCON               (abs)        0068C
_CWG3CON0                 (abs)        00690
_CWG3CON0bits             (abs)        00690
_CWG3CON1                 (abs)        00691
_CWG3DBF                  (abs)        0068F
_CWG3DBR                  (abs)        0068E
_CWG3ISM                  (abs)        0068D
_FVRCON                   (abs)        0090C
_INLVLA                   (abs)        00F3C
_INLVLB                   (abs)        00F47
_INLVLE                   (abs)        00F68
_INTCON                   (abs)        0000B
_ISR                      intentry     00004
_LATA                     (abs)        00016
_LATB                     (abs)        00017
_LATC                     (abs)        00018
_LATCbits                 (abs)        00018
_LATD                     (abs)        00019
_LATDbits                 (abs)        00019
_LATE                     (abs)        0001A
_LATEbits                 (abs)        0001A
_OSCCON1                  (abs)        0088D
_OSCFRQ                   (abs)        00893
_PIE3bits                 (abs)        00719
_PIR3bits                 (abs)        0070F
_PIR4bits                 (abs)        00710
_PORTAbits                (abs)        0000C
_PORTBbits                (abs)        0000D
_PORTEbits                (abs)        00010
_PR2                      (abs)        0028D
_PWM6CON                  (abs)        0038E
_PWM6CONbits              (abs)        0038E
_PWM6DCH                  (abs)        0038D
_PWM6DCL                  (abs)        0038C
_PWM7CON                  (abs)        00392
_PWM7CONbits              (abs)        00392
_PWM7DCH                  (abs)        00391
_PWM7DCL                  (abs)        00390
_RA0PPS                   (abs)        00F10
_RA1PPS                   (abs)        00F11
_RA2PPS                   (abs)        00F12
_RA3PPS                   (abs)        00F13
_RA4PPS                   (abs)        00F14
_RA5PPS                   (abs)        00F15
_RB6PPS                   (abs)        00F1E
_RB7PPS                   (abs)        00F1F
_RC0PPS                   (abs)        00F20
_RC1PPS                   (abs)        00F21
_RC2PPS                   (abs)        00F22
_RC3PPS                   (abs)        00F23
_RC4PPS                   (abs)        00F24
_RC5PPS                   (abs)        00F25
_RC6PPS                   (abs)        00F26
_RC7PPS                   (abs)        00F27
_RD0PPS                   (abs)        00F28
_RD1PPS                   (abs)        00F29
_RD2PPS                   (abs)        00F2A
_RD3PPS                   (abs)        00F2B
_RD4PPS                   (abs)        00F2C
_RD5PPS                   (abs)        00F2D
_RD6PPS                   (abs)        00F2E
_RD7PPS                   (abs)        00F2F
_SSP1ADD                  (abs)        0018D
_SSP1BUF                  (abs)        0018C
_SSP1CLKPPS               (abs)        00EC5
_SSP1CON1                 (abs)        00190
_SSP1CON1bits             (abs)        00190
_SSP1CON2                 (abs)        00191
_SSP1CON2bits             (abs)        00191
_SSP1CON3                 (abs)        00192
_SSP1CON3bits             (abs)        00192
_SSP1DATPPS               (abs)        00EC6
_SSP1IF                   (abs)        03878
_SSP1STAT                 (abs)        0018F
_SSP1STATbits             (abs)        0018F
_T0CON0                   (abs)        0001E
_T0CON1                   (abs)        0001F
_T2CLKCON                 (abs)        00290
_T2CON                    (abs)        0028E
_T2CONbits                (abs)        0028E
_T3CLK                    (abs)        00217
_T3CON                    (abs)        00214
_T3GCON                   (abs)        00215
_TMR0H                    (abs)        0001D
_TMR0L                    (abs)        0001C
_TRISA                    (abs)        00011
_TRISB                    (abs)        00012
_TRISC                    (abs)        00013
_TRISD                    (abs)        00014
_TRISE                    (abs)        00015
_WPUA                     (abs)        00F39
_WPUB                     (abs)        00F44
_WPUC                     (abs)        00F4F
_WPUD                     (abs)        00F5A
_WPUE                     (abs)        00F65
__CFG_BOREN$ON            (abs)        00000
__CFG_BORV$LO             (abs)        00000
__CFG_CLKOUTEN$OFF        (abs)        00000
__CFG_CP$OFF              (abs)        00000
__CFG_CPD$OFF             (abs)        00000
__CFG_CSWEN$OFF           (abs)        00000
__CFG_FCMEN$OFF           (abs)        00000
__CFG_FEXTOSC$OFF         (abs)        00000
__CFG_LPBOREN$OFF         (abs)        00000
__CFG_LVP$ON              (abs)        00000
__CFG_MCLRE$ON            (abs)        00000
__CFG_PPS1WAY$OFF         (abs)        00000
__CFG_PWRTE$OFF           (abs)        00000
__CFG_RSTOSC$HFINT1       (abs)        00000
__CFG_SCANE$available     (abs)        00000
__CFG_STVREN$ON           (abs)        00000
__CFG_WDTCCS$SC           (abs)        00000
__CFG_WDTCPS$WDTCPS_31    (abs)        00000
__CFG_WDTCWS$WDTCWS_7     (abs)        00000
__CFG_WDTE$OFF            (abs)        00000
__CFG_WRT$OFF             (abs)        00000
__CFG_ZCD$OFF             (abs)        00000
__Habs1                   abs1         00000
__Hbank0                  bank0        00000
__Hbank1                  bank1        00000
__Hbank10                 bank10       00000
__Hbank11                 bank11       00000
__Hbank12                 bank12       00000
__Hbank13                 bank13       00000
__Hbank14                 bank14       00000
__Hbank15                 bank15       00000
__Hbank16                 bank16       00000
__Hbank17                 bank17       00000
__Hbank18                 bank18       00000
__Hbank19                 bank19       00000
__Hbank2                  bank2        00000
__Hbank20                 bank20       00000
__Hbank21                 bank21       00000
__Hbank22                 bank22       00000
__Hbank23                 bank23       00000
__Hbank24                 bank24       00000
__Hbank25                 bank25       00000
__Hbank26                 bank26       00000
__Hbank27                 bank27       00000
__Hbank28                 bank28       00000
__Hbank29                 bank29       00000
__Hbank3                  bank3        00000
__Hbank30                 bank30       00000
__Hbank31                 bank31       00000
__Hbank4                  bank4        00000
__Hbank5                  bank5        00000
__Hbank6                  bank6        00000
__Hbank7                  bank7        00000
__Hbank8                  bank8        00000
__Hbank9                  bank9        00000
__Hbigram                 bigram       00000
__HbssBANK0               bssBANK0     00000
__Hcinit                  cinit        0001E
__Hclrtext                clrtext      00000
__Hcode                   code         00000
__Hcommon                 common       00000
__Hconfig                 config       0800C
__HcstackBANK0            cstackBANK0  00000
__HcstackBANK1            cstackBANK1  00000
__HcstackCOMMON           cstackCOMMON 00000
__Heeprom_data            eeprom_data  00000
__Hend_init               end_init     00012
__Hfunctab                functab      00000
__Hidloc                  idloc        00000
__Hinit                   init         00010
__Hintentry               intentry     00010
__Hmaintext               maintext     00000
__Hpowerup                powerup      00000
__Hram                    ram          00000
__Hreset_vec              reset_vec    00002
__Hsfr0                   sfr0         00000
__Hsfr1                   sfr1         00000
__Hsfr10                  sfr10        00000
__Hsfr11                  sfr11        00000
__Hsfr12                  sfr12        00000
__Hsfr13                  sfr13        00000
__Hsfr14                  sfr14        00000
__Hsfr15                  sfr15        00000
__Hsfr16                  sfr16        00000
__Hsfr17                  sfr17        00000
__Hsfr18                  sfr18        00000
__Hsfr19                  sfr19        00000
__Hsfr2                   sfr2         00000
__Hsfr20                  sfr20        00000
__Hsfr21                  sfr21        00000
__Hsfr22                  sfr22        00000
__Hsfr23                  sfr23        00000
__Hsfr24                  sfr24        00000
__Hsfr25                  sfr25        00000
__Hsfr26                  sfr26        00000
__Hsfr27                  sfr27        00000
__Hsfr28                  sfr28        00000
__Hsfr29                  sfr29        00000
__Hsfr3                   sfr3         00000
__Hsfr30                  sfr30        00000
__Hsfr31                  sfr31        00000
__Hsfr4                   sfr4         00000
__Hsfr5                   sfr5         00000
__Hsfr6                   sfr6         00000
__Hsfr7                   sfr7         00000
__Hsfr8                   sfr8         00000
__Hsfr9                   sfr9         00000
__Hspace_0                (abs)        0800C
__Hspace_1                (abs)        000A9
__Hspace_2                (abs)        00000
__Hspace_3                (abs)        00000
__Hstack                  stack        00000
__Hstrings                strings      00000
__Htext                   text         00000
__Labs1                   abs1         00000
__Lbank0                  bank0        00000
__Lbank1                  bank1        00000
__Lbank10                 bank10       00000
__Lbank11                 bank11       00000
__Lbank12                 bank12       00000
__Lbank13                 bank13       00000
__Lbank14                 bank14       00000
__Lbank15                 bank15       00000
__Lbank16                 bank16       00000
__Lbank17                 bank17       00000
__Lbank18                 bank18       00000
__Lbank19                 bank19       00000
__Lbank2                  bank2        00000
__Lbank20                 bank20       00000
__Lbank21                 bank21       00000
__Lbank22                 bank22       00000
__Lbank23                 bank23       00000
__Lbank24                 bank24       00000
__Lbank25                 bank25       00000
__Lbank26                 bank26       00000
__Lbank27                 bank27       00000
__Lbank28                 bank28       00000
__Lbank29                 bank29       00000
__Lbank3                  bank3        00000
__Lbank30                 bank30       00000
__Lbank31                 bank31       00000
__Lbank4                  bank4        00000
__Lbank5                  bank5        00000
__Lbank6                  bank6        00000
__Lbank7                  bank7        00000
__Lbank8                  bank8        00000
__Lbank9                  bank9        00000
__Lbigram                 bigram       00000
__LbssBANK0               bssBANK0     00000
__Lcinit                  cinit        00012
__Lclrtext                clrtext      00000
__Lcode                   code         00000
__Lcommon                 common       00000
__Lconfig                 config       08007
__LcstackBANK0            cstackBANK0  00000
__LcstackBANK1            cstackBANK1  00000
__LcstackCOMMON           cstackCOMMON 00000
__Leeprom_data            eeprom_data  00000
__Lend_init               end_init     00010
__Lfunctab                functab      00000
__Lidloc                  idloc        00000
__Linit                   init         00010
__Lintentry               intentry     00004
__Lmaintext               maintext     00000
__Lpowerup                powerup      00000
__Lram                    ram          00000
__Lreset_vec              reset_vec    00000
__Lsfr0                   sfr0         00000
__Lsfr1                   sfr1         00000
__Lsfr10                  sfr10        00000
__Lsfr11                  sfr11        00000
__Lsfr12                  sfr12        00000
__Lsfr13                  sfr13        00000
__Lsfr14                  sfr14        00000
__Lsfr15                  sfr15        00000
__Lsfr16                  sfr16        00000
__Lsfr17                  sfr17        00000
__Lsfr18                  sfr18        00000
__Lsfr19                  sfr19        00000
__Lsfr2                   sfr2         00000
__Lsfr20                  sfr20        00000
__Lsfr21                  sfr21        00000
__Lsfr22                  sfr22        00000
__Lsfr23                  sfr23        00000
__Lsfr24                  sfr24        00000
__Lsfr25                  sfr25        00000
__Lsfr26                  sfr26        00000
__Lsfr27                  sfr27        00000
__Lsfr28                  sfr28        00000
__Lsfr29                  sfr29        00000
__Lsfr3                   sfr3         00000
__Lsfr30                  sfr30        00000
__Lsfr31                  sfr31        00000
__Lsfr4                   sfr4         00000
__Lsfr5                   sfr5         00000
__Lsfr6                   sfr6         00000
__Lsfr7                   sfr7         00000
__Lsfr8                   sfr8         00000
__Lsfr9                   sfr9         00000
__Lspace_0                (abs)        00000
__Lspace_1                (abs)        00000
__Lspace_2                (abs)        00000
__Lspace_3                (abs)        00000
__Lstack                  stack        00000
__Lstrings                strings      00000
__Ltext                   text         00000
__S0                      (abs)        0800C
__S1                      (abs)        000A9
__S2                      (abs)        00000
__S3                      (abs)        00000
___bmul                   text8        00A36
___bmul@multiplicand      cstackBANK0  00030
___bmul@multiplier        cstackBANK0  00033
___bmul@product           cstackBANK0  00032
___int_sp                 stack        00000
___latbits                (abs)        00002
___sp                     stack        00000
___stackhi                (abs)        023EF
___stacklo                (abs)        02059
__end_of_ISR              intentry     00010
__end_of___bmul           text8        00A4C
__end_of__initialization  cinit        0001A
__end_of_configureCPU     text14       009FB
__end_of_configureI2C     text13       00A36
__end_of_configureIOs     text12       00AB0
__end_of_configurePWM     text11       00C9F
__end_of_configureTimers  text10       00A0B
__end_of_handleRead       text26       00B42
__end_of_handleWrite      text17       00B95
__end_of_i2cISR           text16       00B0B
__end_of_main             maintext     00A8D
__end_of_revRoutine       text22       00ADB
__end_of_setDrive         text21       007B3
__end_of_setDrive2        text20       00F4A
__end_of_setMotors        text6        00567
__end_of_setPWM           text7        00C3E
__end_of_setProps         text4        007FB
__end_of_setRoutine       text19       01000
__end_of_setStatus        text18       00D10
__end_of_testButtons      text9        00D93
__end_of_updateMotors     text5        00E21
__end_of_updateMovement   text3        003F4
__end_of_updateSys        text1        00A6C
__end_of_updateTime       text2        00EB2
__end_ofi1___bmul         text25       00A20
__end_ofi1_setMotors      text23       006D5
__end_ofi1_setPWM         text24       00BE9
__initialization          cinit        00012
__pbssBANK0               bssBANK0     0004B
__pcstackBANK0            cstackBANK0  00020
__pcstackBANK1            cstackBANK1  000A0
__pcstackCOMMON           cstackCOMMON 00070
__pintentry               intentry     00004
__pmaintext               maintext     00A6C
__ptext1                  text1        00A4C
__ptext10                 text10       009FB
__ptext11                 text11       00C3E
__ptext12                 text12       00A8D
__ptext13                 text13       00A20
__ptext14                 text14       009F1
__ptext16                 text16       00ADB
__ptext17                 text17       00B42
__ptext18                 text18       00C9F
__ptext19                 text19       00F4A
__ptext2                  text2        00E21
__ptext20                 text20       00EB2
__ptext21                 text21       006D5
__ptext22                 text22       00AB0
__ptext23                 text23       00567
__ptext24                 text24       00B95
__ptext25                 text25       00A0B
__ptext26                 text26       00B0B
__ptext3                  text3        0001E
__ptext4                  text4        007B3
__ptext5                  text5        00D93
__ptext6                  text6        003F4
__ptext7                  text7        00BE9
__ptext8                  text8        00A36
__ptext9                  text9        00D10
__size_of_ISR             (abs)        00000
__size_of___bmul          (abs)        00000
__size_of_configureCPU    (abs)        00000
__size_of_configureI2C    (abs)        00000
__size_of_configureIOs    (abs)        00000
__size_of_configurePWM    (abs)        00000
__size_of_configureTimers (abs)        00000
__size_of_handleRead      (abs)        00000
__size_of_handleWrite     (abs)        00000
__size_of_i2cISR          (abs)        00000
__size_of_main            (abs)        00000
__size_of_revRoutine      (abs)        00000
__size_of_setDrive        (abs)        00000
__size_of_setDrive2       (abs)        00000
__size_of_setMotors       (abs)        00000
__size_of_setPWM          (abs)        00000
__size_of_setProps        (abs)        00000
__size_of_setRoutine      (abs)        00000
__size_of_setStatus       (abs)        00000
__size_of_testButtons     (abs)        00000
__size_of_updateMotors    (abs)        00000
__size_of_updateMovement  (abs)        00000
__size_of_updateSys       (abs)        00000
__size_of_updateTime      (abs)        00000
__size_ofi1___bmul        (abs)        00000
__size_ofi1_setMotors     (abs)        00000
__size_ofi1_setPWM        (abs)        00000
_configureCPU             text14       009F1
_configureI2C             text13       00A20
_configureIOs             text12       00A8D
_configurePWM             text11       00C3E
_configureTimers          text10       009FB
_driveDir                 bssBANK0     00055
_drivePWM1                bssBANK0     00054
_drivePWM2                bssBANK0     00053
_handleRead               text26       00B0B
_handleWrite              text17       00B42
_i2cISR                   text16       00ADB
_i2c_settings             bssBANK0     00057
_i2c_status               bssBANK0     00058
_i2c_val                  bssBANK0     00056
_main                     maintext     00A6C
_motorDirArr              bssBANK0     0004F
_motorPWMArr              bssBANK0     0004B
_props                    bssBANK0     00059
_revRoutine               text22       00AB0
_setDrive                 text21       006D5
_setDrive2                text20       00EB2
_setMotors                text6        003F4
_setPWM                   text7        00BE9
_setPWM$1154              cstackBANK0  00034
_setProps                 text4        007B3
_setRoutine               text19       00F4A
_setStatus                text18       00C9F
_testButtons              text9        00D10
_updateMotors             text5        00D93
_updateMovement           text3        0001E
_updateSys                text1        00A4C
_updateTime               text2        00E21
btemp                     (abs)        0007E
clear_ram0                clrtext      009EB
end_of_initialization     cinit        0001A
handleWrite@d             cstackBANK0  0002D
i1___bmul                 text25       00A0B
i1___bmul@multiplicand    cstackCOMMON 00070
i1___bmul@multiplier      cstackCOMMON 00073
i1___bmul@product         cstackCOMMON 00072
i1_setMotors              text23       00567
i1_setPWM                 text24       00B95
i1_setPWM$1154            cstackCOMMON 00074
i1setMotors@dir           cstackCOMMON 00076
i1setMotors@motor         cstackCOMMON 0007A
i1setMotors@v             cstackCOMMON 00077
i1setPWM@module           cstackCOMMON 00073
i1setPWM@pwm              cstackCOMMON 00070
i2cISR@d                  cstackBANK0  0002F
int$flags                 (abs)        0007E
intlevel0                 functab      00000
intlevel1                 functab      00000
intlevel2                 functab      00000
intlevel3                 functab      00000
intlevel4                 functab      00000
intlevel5                 functab      00000
reset_vec                 reset_vec    00000
revRoutine@s              cstackBANK0  00020
setDrive2@dir             cstackCOMMON 0007A
setDrive2@v               cstackCOMMON 00076
setDrive2@v2              cstackCOMMON 00077
setDrive@dir              cstackCOMMON 00079
setDrive@v                cstackCOMMON 00076
setMotors@dir             cstackBANK0  00036
setMotors@motor           cstackBANK0  0003A
setMotors@v               cstackBANK0  00037
setPWM@module             cstackBANK0  00033
setPWM@pwm                cstackBANK0  00030
setProps@c                cstackBANK0  00031
setProps@l                cstackBANK0  00034
setProps@r                cstackBANK0  00030
setRoutine@i              cstackBANK0  00021
setRoutine@s              cstackBANK0  00020
setStatus@dir             cstackBANK0  00027
setStatus@motor           cstackBANK0  00028
setStatus@s               cstackBANK0  00029
setStatus@v               cstackBANK0  00022
setStatus@v2              cstackBANK0  00023
start                     init         00010
start_initialization      cinit        00012
testButtons@clamp         cstackBANK0  00031
testButtons@lift          cstackBANK0  00033
testButtons@p             cstackBANK0  00034
testButtons@rotate        cstackBANK0  00032
updateMotors@clamp        cstackBANK0  0003D
updateMotors@lift         cstackBANK0  0003F
updateMotors@p            cstackBANK0  00040
updateMotors@rotate       cstackBANK0  0003E
updateMovement@clamp      cstackBANK0  0003C
updateMovement@lift       cstackBANK0  0003E
updateMovement@p          cstackBANK0  0003F
updateMovement@rotate     cstackBANK0  0003D
updateMovement@s          cstackBANK0  0003B
updateSys@p               cstackBANK1  000A8
updateTime@p              cstackBANK0  00040
updateTime@tNow           cstackBANK0  0003E
updateTime@tPrev          cstackBANK0  0003C
wtemp0                    (abs)        0007E


FUNCTION INFORMATION:

 *************** function _main *****************
 Defined at:
		line 61 in file "Main.c"
 Parameters:    Size  Location     Type
		None
 Auto vars:     Size  Location     Type
		None
 Return value:  Size  Location     Type
                  1    wreg      void 
 Registers used:
		wreg, fsr0l, fsr0h, fsr1l, fsr1h, status,2, status,0, pclath, cstack
 Tracked objects:
		On entry : 
		On exit  : 
		Unchanged: 
 Data sizes:     COMMON   BANK0   BANK1   BANK2   BANK3   BANK4   BANK5   BANK6   BANK7   BANK8   BANK9  BANK10  BANK11  BANK12
      Params:         0       0       0       0       0       0       0       0       0       0       0       0       0       0
      Locals:         0       0       0       0       0       0       0       0       0       0       0       0       0       0
      Temps:          0       0       0       0       0       0       0       0       0       0       0       0       0       0
      Totals:         0       0       0       0       0       0       0       0       0       0       0       0       0       0
Total ram usage:        0 bytes
 Hardware stack levels required when called:   11
 This function calls:
		_configureCPU
		_configureI2C
		_configureIOs
		_configurePWM
		_configureTimers
		_updateSys
 This function is called by:
		Startup code after reset
 This function uses a non-reentrant model


 *************** function _updateSys *****************
 Defined at:
		line 19 in file "updates.c"
 Parameters:    Size  Location     Type
  p               1    wreg     PTR struct properties
		 -> props(17), 
 Auto vars:     Size  Location     Type
  p               1    8[BANK1 ] PTR struct properties
		 -> props(17), 
 Return value:  Size  Location     Type
                  1    wreg      void 
 Registers used:
		wreg, fsr0l, fsr0h, fsr1l, fsr1h, status,2, status,0, pclath, cstack
 Tracked objects:
		On entry : 
		On exit  : 
		Unchanged: 
 Data sizes:     COMMON   BANK0   BANK1   BANK2   BANK3   BANK4   BANK5   BANK6   BANK7   BANK8   BANK9  BANK10  BANK11  BANK12
      Params:         0       0       0       0       0       0       0       0       0       0       0       0       0       0
      Locals:         0       0       1       0       0       0       0       0       0       0       0       0       0       0
      Temps:          0       0       0       0       0       0       0       0       0       0       0       0       0       0
      Totals:         0       0       1       0       0       0       0       0       0       0       0       0       0       0
Total ram usage:        1 bytes
 Hardware stack levels used:    1
 Hardware stack levels required when called:   10
 This function calls:
		_testButtons
		_updateMotors
		_updateMovement
		_updateTime
 This function is called by:
		_main
 This function uses a non-reentrant model


 *************** function _updateTime *****************
 Defined at:
		line 278 in file "updates.c"
 Parameters:    Size  Location     Type
  p               1    wreg     PTR struct properties
		 -> props(17), 
 Auto vars:     Size  Location     Type
  p               1   32[BANK0 ] PTR struct properties
		 -> props(17), 
  tNow            2   30[BANK0 ] unsigned int 
  tPrev           2   28[BANK0 ] unsigned int 
 Return value:  Size  Location     Type
                  1    wreg      void 
 Registers used:
		wreg, fsr1l, fsr1h, status,2, status,0
 Tracked objects:
		On entry : 
		On exit  : 
		Unchanged: 
 Data sizes:     COMMON   BANK0   BANK1   BANK2   BANK3   BANK4   BANK5   BANK6   BANK7   BANK8   BANK9  BANK10  BANK11  BANK12
      Params:         0       0       0       0       0       0       0       0       0       0       0       0       0       0
      Locals:         0       5       0       0       0       0       0       0       0       0       0       0       0       0
      Temps:          0      12       0       0       0       0       0       0       0       0       0       0       0       0
      Totals:         0      17       0       0       0       0       0       0       0       0       0       0       0       0
Total ram usage:       17 bytes
 Hardware stack levels used:    1
 Hardware stack levels required when called:    7
 This function calls:
		Nothing
 This function is called by:
		_updateSys
 This function uses a non-reentrant model


 *************** function _updateMovement *****************
 Defined at:
		line 61 in file "updates.c"
 Parameters:    Size  Location     Type
  p               1    wreg     PTR struct properties
		 -> props(17), 
 Auto vars:     Size  Location     Type
  p               1   31[BANK0 ] PTR struct properties
		 -> props(17), 
  lift            1   30[BANK0 ] PTR unsigned char 
		 -> props.claw1.height(1), 
  rotate          1   29[BANK0 ] PTR unsigned char 
		 -> props.claw1.orientation(1), 
  clamp           1   28[BANK0 ] PTR unsigned char 
		 -> props.claw1.clamped(1), 
  s               1   27[BANK0 ] unsigned char 
 Return value:  Size  Location     Type
                  1    wreg      void 
 Registers used:
		wreg, fsr0l, fsr0h, fsr1l, fsr1h, status,2, status,0, pclath, cstack
 Tracked objects:
		On entry : 
		On exit  : 
		Unchanged: 
 Data sizes:     COMMON   BANK0   BANK1   BANK2   BANK3   BANK4   BANK5   BANK6   BANK7   BANK8   BANK9  BANK10  BANK11  BANK12
      Params:         0       0       0       0       0       0       0       0       0       0       0       0       0       0
      Locals:         0       5       0       0       0       0       0       0       0       0       0       0       0       0
      Temps:          0       0       8       0       0       0       0       0       0       0       0       0       0       0
      Totals:         0       5       8       0       0       0       0       0       0       0       0       0       0       0
Total ram usage:       13 bytes
 Hardware stack levels used:    1
 Hardware stack levels required when called:    9
 This function calls:
		_setMotors
		_setProps
 This function is called by:
		_updateSys
 This function uses a non-reentrant model


 *************** function _setProps *****************
 Defined at:
		line 222 in file "updates.c"
 Parameters:    Size  Location     Type
  l               1    wreg     unsigned char 
  r               1   16[BANK0 ] unsigned char 
  c               1   17[BANK0 ] unsigned char 
 Auto vars:     Size  Location     Type
  l               1   20[BANK0 ] unsigned char 
 Return value:  Size  Location     Type
                  1    wreg      void 
 Registers used:
		wreg, status,2, status,0
 Tracked objects:
		On entry : 
		On exit  : 
		Unchanged: 
 Data sizes:     COMMON   BANK0   BANK1   BANK2   BANK3   BANK4   BANK5   BANK6   BANK7   BANK8   BANK9  BANK10  BANK11  BANK12
      Params:         0       2       0       0       0       0       0       0       0       0       0       0       0       0
      Locals:         0       1       0       0       0       0       0       0       0       0       0       0       0       0
      Temps:          0       2       0       0       0       0       0       0       0       0       0       0       0       0
      Totals:         0       5       0       0       0       0       0       0       0       0       0       0       0       0
Total ram usage:        5 bytes
 Hardware stack levels used:    1
 Hardware stack levels required when called:    7
 This function calls:
		Nothing
 This function is called by:
		_updateMovement
 This function uses a non-reentrant model


 *************** function _updateMotors *****************
 Defined at:
		line 35 in file "updates.c"
 Parameters:    Size  Location     Type
  p               1    wreg     PTR struct properties
		 -> props(17), 
 Auto vars:     Size  Location     Type
  p               1   32[BANK0 ] PTR struct properties
		 -> props(17), 
  lift            1   31[BANK0 ] PTR unsigned char 
		 -> props.claw1.height(1), 
  rotate          1   30[BANK0 ] PTR unsigned char 
		 -> props.claw1.orientation(1), 
  clamp           1   29[BANK0 ] PTR unsigned char 
		 -> props.claw1.clamped(1), 
 Return value:  Size  Location     Type
                  1    wreg      void 
 Registers used:
		wreg, fsr0l, fsr0h, fsr1l, fsr1h, status,2, status,0, pclath, cstack
 Tracked objects:
		On entry : 
		On exit  : 
		Unchanged: 
 Data sizes:     COMMON   BANK0   BANK1   BANK2   BANK3   BANK4   BANK5   BANK6   BANK7   BANK8   BANK9  BANK10  BANK11  BANK12
      Params:         0       0       0       0       0       0       0       0       0       0       0       0       0       0
      Locals:         0       4       0       0       0       0       0       0       0       0       0       0       0       0
      Temps:          0       2       0       0       0       0       0       0       0       0       0       0       0       0
      Totals:         0       6       0       0       0       0       0       0       0       0       0       0       0       0
Total ram usage:        6 bytes
 Hardware stack levels used:    1
 Hardware stack levels required when called:    9
 This function calls:
		_setMotors
 This function is called by:
		_updateSys
 This function uses a non-reentrant model


 *************** function _setMotors *****************
 Defined at:
		line 122 in file "settings.c"
 Parameters:    Size  Location     Type
  motor           1    wreg     unsigned char 
  dir             1   22[BANK0 ] unsigned char 
  v               1   23[BANK0 ] unsigned char 
 Auto vars:     Size  Location     Type
  motor           1   26[BANK0 ] unsigned char 
 Return value:  Size  Location     Type
                  1    wreg      void 
 Registers used:
		wreg, fsr0l, fsr0h, fsr1l, fsr1h, status,2, status,0, pclath, cstack
 Tracked objects:
		On entry : 
		On exit  : 
		Unchanged: 
 Data sizes:     COMMON   BANK0   BANK1   BANK2   BANK3   BANK4   BANK5   BANK6   BANK7   BANK8   BANK9  BANK10  BANK11  BANK12
      Params:         0       2       0       0       0       0       0       0       0       0       0       0       0       0
      Locals:         0       1       0       0       0       0       0       0       0       0       0       0       0       0
      Temps:          0       2       0       0       0       0       0       0       0       0       0       0       0       0
      Totals:         0       5       0       0       0       0       0       0       0       0       0       0       0       0
Total ram usage:        5 bytes
 Hardware stack levels used:    1
 Hardware stack levels required when called:    8
 This function calls:
		___bmul
		_setPWM
 This function is called by:
		_updateMotors
		_updateMovement
 This function uses a non-reentrant model


 *************** function _setPWM *****************
 Defined at:
		line 43 in file "settings.c"
 Parameters:    Size  Location     Type
  module          1    wreg     unsigned char 
  pwm             1   16[BANK0 ] unsigned char 
 Auto vars:     Size  Location     Type
  module          1   19[BANK0 ] unsigned char 
 Return value:  Size  Location     Type
                  1    wreg      void 
 Registers used:
		wreg, fsr0l, fsr0h, status,2, status,0
 Tracked objects:
		On entry : 
		On exit  : 
		Unchanged: 
 Data sizes:     COMMON   BANK0   BANK1   BANK2   BANK3   BANK4   BANK5   BANK6   BANK7   BANK8   BANK9  BANK10  BANK11  BANK12
      Params:         0       1       0       0       0       0       0       0       0       0       0       0       0       0
      Locals:         0       3       0       0       0       0       0       0       0       0       0       0       0       0
      Temps:          0       2       0       0       0       0       0       0       0       0       0       0       0       0
      Totals:         0       6       0       0       0       0       0       0       0       0       0       0       0       0
Total ram usage:        6 bytes
 Hardware stack levels used:    1
 Hardware stack levels required when called:    7
 This function calls:
		Nothing
 This function is called by:
		_setMotors
 This function uses a non-reentrant model


 *************** function ___bmul *****************
 Defined at:
		line 4 in file "/opt/microchip/xc8/v2.10/pic/sources/c99/common/Umul8.c"
 Parameters:    Size  Location     Type
  multiplier      1    wreg     unsigned char 
  multiplicand    1   16[BANK0 ] unsigned char 
 Auto vars:     Size  Location     Type
  multiplier      1   19[BANK0 ] unsigned char 
  product         1   18[BANK0 ] unsigned char 
 Return value:  Size  Location     Type
                  1    wreg      unsigned char 
 Registers used:
		wreg, status,2, status,0
 Tracked objects:
		On entry : 
		On exit  : 
		Unchanged: 
 Data sizes:     COMMON   BANK0   BANK1   BANK2   BANK3   BANK4   BANK5   BANK6   BANK7   BANK8   BANK9  BANK10  BANK11  BANK12
      Params:         0       1       0       0       0       0       0       0       0       0       0       0       0       0
      Locals:         0       2       0       0       0       0       0       0       0       0       0       0       0       0
      Temps:          0       1       0       0       0       0       0       0       0       0       0       0       0       0
      Totals:         0       4       0       0       0       0       0       0       0       0       0       0       0       0
Total ram usage:        4 bytes
 Hardware stack levels used:    1
 Hardware stack levels required when called:    7
 This function calls:
		Nothing
 This function is called by:
		_setMotors
 This function uses a non-reentrant model


 *************** function _testButtons *****************
 Defined at:
		line 233 in file "updates.c"
 Parameters:    Size  Location     Type
  p               1    wreg     PTR struct properties
		 -> props(17), 
 Auto vars:     Size  Location     Type
  p               1   20[BANK0 ] PTR struct properties
		 -> props(17), 
  lift            1   19[BANK0 ] PTR unsigned char 
		 -> props.claw1.height(1), 
  rotate          1   18[BANK0 ] PTR unsigned char 
		 -> props.claw1.orientation(1), 
  clamp           1   17[BANK0 ] PTR unsigned char 
		 -> props.claw1.clamped(1), 
 Return value:  Size  Location     Type
                  1    wreg      void 
 Registers used:
		wreg, fsr1l, fsr1h, status,2, status,0
 Tracked objects:
		On entry : 
		On exit  : 
		Unchanged: 
 Data sizes:     COMMON   BANK0   BANK1   BANK2   BANK3   BANK4   BANK5   BANK6   BANK7   BANK8   BANK9  BANK10  BANK11  BANK12
      Params:         0       0       0       0       0       0       0       0       0       0       0       0       0       0
      Locals:         0       4       0       0       0       0       0       0       0       0       0       0       0       0
      Temps:          0       1       0       0       0       0       0       0       0       0       0       0       0       0
      Totals:         0       5       0       0       0       0       0       0       0       0       0       0       0       0
Total ram usage:        5 bytes
 Hardware stack levels used:    1
 Hardware stack levels required when called:    7
 This function calls:
		Nothing
 This function is called by:
		_updateSys
 This function uses a non-reentrant model


 *************** function _configureTimers *****************
 Defined at:
		line 62 in file "configs.c"
 Parameters:    Size  Location     Type
		None
 Auto vars:     Size  Location     Type
		None
 Return value:  Size  Location     Type
                  1    wreg      void 
 Registers used:
		wreg, status,2
 Tracked objects:
		On entry : 
		On exit  : 
		Unchanged: 
 Data sizes:     COMMON   BANK0   BANK1   BANK2   BANK3   BANK4   BANK5   BANK6   BANK7   BANK8   BANK9  BANK10  BANK11  BANK12
      Params:         0       0       0       0       0       0       0       0       0       0       0       0       0       0
      Locals:         0       0       0       0       0       0       0       0       0       0       0       0       0       0
      Temps:          0       0       0       0       0       0       0       0       0       0       0       0       0       0
      Totals:         0       0       0       0       0       0       0       0       0       0       0       0       0       0
Total ram usage:        0 bytes
 Hardware stack levels used:    1
 Hardware stack levels required when called:    7
 This function calls:
		Nothing
 This function is called by:
		_main
 This function uses a non-reentrant model


 *************** function _configurePWM *****************
 Defined at:
		line 99 in file "configs.c"
 Parameters:    Size  Location     Type
		None
 Auto vars:     Size  Location     Type
		None
 Return value:  Size  Location     Type
                  1    wreg      void 
 Registers used:
		wreg, status,2
 Tracked objects:
		On entry : 
		On exit  : 
		Unchanged: 
 Data sizes:     COMMON   BANK0   BANK1   BANK2   BANK3   BANK4   BANK5   BANK6   BANK7   BANK8   BANK9  BANK10  BANK11  BANK12
      Params:         0       0       0       0       0       0       0       0       0       0       0       0       0       0
      Locals:         0       0       0       0       0       0       0       0       0       0       0       0       0       0
      Temps:          0       0       0       0       0       0       0       0       0       0       0       0       0       0
      Totals:         0       0       0       0       0       0       0       0       0       0       0       0       0       0
Total ram usage:        0 bytes
 Hardware stack levels used:    1
 Hardware stack levels required when called:    7
 This function calls:
		Nothing
 This function is called by:
		_main
 This function uses a non-reentrant model


 *************** function _configureIOs *****************
 Defined at:
		line 14 in file "configs.c"
 Parameters:    Size  Location     Type
		None
 Auto vars:     Size  Location     Type
		None
 Return value:  Size  Location     Type
                  1    wreg      void 
 Registers used:
		wreg, status,2
 Tracked objects:
		On entry : 
		On exit  : 
		Unchanged: 
 Data sizes:     COMMON   BANK0   BANK1   BANK2   BANK3   BANK4   BANK5   BANK6   BANK7   BANK8   BANK9  BANK10  BANK11  BANK12
      Params:         0       0       0       0       0       0       0       0       0       0       0       0       0       0
      Locals:         0       0       0       0       0       0       0       0       0       0       0       0       0       0
      Temps:          0       0       0       0       0       0       0       0       0       0       0       0       0       0
      Totals:         0       0       0       0       0       0       0       0       0       0       0       0       0       0
Total ram usage:        0 bytes
 Hardware stack levels used:    1
 Hardware stack levels required when called:    7
 This function calls:
		Nothing
 This function is called by:
		_main
 This function uses a non-reentrant model


 *************** function _configureI2C *****************
 Defined at:
		line 81 in file "configs.c"
 Parameters:    Size  Location     Type
		None
 Auto vars:     Size  Location     Type
		None
 Return value:  Size  Location     Type
                  1    wreg      void 
 Registers used:
		wreg
 Tracked objects:
		On entry : 
		On exit  : 
		Unchanged: 
 Data sizes:     COMMON   BANK0   BANK1   BANK2   BANK3   BANK4   BANK5   BANK6   BANK7   BANK8   BANK9  BANK10  BANK11  BANK12
      Params:         0       0       0       0       0       0       0       0       0       0       0       0       0       0
      Locals:         0       0       0       0       0       0       0       0       0       0       0       0       0       0
      Temps:          0       0       0       0       0       0       0       0       0       0       0       0       0       0
      Totals:         0       0       0       0       0       0       0       0       0       0       0       0       0       0
Total ram usage:        0 bytes
 Hardware stack levels used:    1
 Hardware stack levels required when called:    7
 This function calls:
		Nothing
 This function is called by:
		_main
 This function uses a non-reentrant model


 *************** function _configureCPU *****************
 Defined at:
		line 6 in file "configs.c"
 Parameters:    Size  Location     Type
		None
 Auto vars:     Size  Location     Type
		None
 Return value:  Size  Location     Type
                  1    wreg      void 
 Registers used:
		wreg
 Tracked objects:
		On entry : 
		On exit  : 
		Unchanged: 
 Data sizes:     COMMON   BANK0   BANK1   BANK2   BANK3   BANK4   BANK5   BANK6   BANK7   BANK8   BANK9  BANK10  BANK11  BANK12
      Params:         0       0       0       0       0       0       0       0       0       0       0       0       0       0
      Locals:         0       0       0       0       0       0       0       0       0       0       0       0       0       0
      Temps:          0       0       0       0       0       0       0       0       0       0       0       0       0       0
      Totals:         0       0       0       0       0       0       0       0       0       0       0       0       0       0
Total ram usage:        0 bytes
 Hardware stack levels used:    1
 Hardware stack levels required when called:    7
 This function calls:
		Nothing
 This function is called by:
		_main
 This function uses a non-reentrant model


 *************** function _ISR *****************
 Defined at:
		line 54 in file "Main.c"
 Parameters:    Size  Location     Type
		None
 Auto vars:     Size  Location     Type
		None
 Return value:  Size  Location     Type
                  1    wreg      void 
 Registers used:
		wreg, fsr0l, fsr0h, fsr1l, fsr1h, status,2, status,0, pclath, cstack
 Tracked objects:
		On entry : 
		On exit  : 
		Unchanged: 
 Data sizes:     COMMON   BANK0   BANK1   BANK2   BANK3   BANK4   BANK5   BANK6   BANK7   BANK8   BANK9  BANK10  BANK11  BANK12
      Params:         0       0       0       0       0       0       0       0       0       0       0       0       0       0
      Locals:         0       0       0       0       0       0       0       0       0       0       0       0       0       0
      Temps:          0       0       0       0       0       0       0       0       0       0       0       0       0       0
      Totals:         0       0       0       0       0       0       0       0       0       0       0       0       0       0
Total ram usage:        0 bytes
 Hardware stack levels used:    1
 Hardware stack levels required when called:    6
 This function calls:
		_i2cISR
 This function is called by:
		Interrupt level 1
 This function uses a non-reentrant model


 *************** function _i2cISR *****************
 Defined at:
		line 18 in file "i2c.c"
 Parameters:    Size  Location     Type
		None
 Auto vars:     Size  Location     Type
  d               1   15[BANK0 ] unsigned char 
 Return value:  Size  Location     Type
                  1    wreg      void 
 Registers used:
		wreg, fsr0l, fsr0h, fsr1l, fsr1h, status,2, status,0, pclath, cstack
 Tracked objects:
		On entry : 
		On exit  : 
		Unchanged: 
 Data sizes:     COMMON   BANK0   BANK1   BANK2   BANK3   BANK4   BANK5   BANK6   BANK7   BANK8   BANK9  BANK10  BANK11  BANK12
      Params:         0       0       0       0       0       0       0       0       0       0       0       0       0       0
      Locals:         0       1       0       0       0       0       0       0       0       0       0       0       0       0
      Temps:          0       1       0       0       0       0       0       0       0       0       0       0       0       0
      Totals:         0       2       0       0       0       0       0       0       0       0       0       0       0       0
Total ram usage:        2 bytes
 Hardware stack levels used:    1
 Hardware stack levels required when called:    5
 This function calls:
		_handleRead
		_handleWrite
 This function is called by:
		_ISR
 This function uses a non-reentrant model


 *************** function _handleWrite *****************
 Defined at:
		line 40 in file "i2c.c"
 Parameters:    Size  Location     Type
  d               1    wreg     unsigned char 
 Auto vars:     Size  Location     Type
  d               1   13[BANK0 ] unsigned char 
 Return value:  Size  Location     Type
                  1    wreg      void 
 Registers used:
		wreg, fsr0l, fsr0h, fsr1l, fsr1h, status,2, status,0, pclath, cstack
 Tracked objects:
		On entry : 
		On exit  : 
		Unchanged: 
 Data sizes:     COMMON   BANK0   BANK1   BANK2   BANK3   BANK4   BANK5   BANK6   BANK7   BANK8   BANK9  BANK10  BANK11  BANK12
      Params:         0       0       0       0       0       0       0       0       0       0       0       0       0       0
      Locals:         0       1       0       0       0       0       0       0       0       0       0       0       0       0
      Temps:          0       3       0       0       0       0       0       0       0       0       0       0       0       0
      Totals:         0       4       0       0       0       0       0       0       0       0       0       0       0       0
Total ram usage:        4 bytes
 Hardware stack levels used:    1
 Hardware stack levels required when called:    4
 This function calls:
		_setStatus
 This function is called by:
		_i2cISR
 This function uses a non-reentrant model


 *************** function _setStatus *****************
 Defined at:
		line 12 in file "settings.c"
 Parameters:    Size  Location     Type
  s               1    wreg     unsigned char 
  v               1    2[BANK0 ] unsigned char 
  v2              2    3[BANK0 ] int 
 Auto vars:     Size  Location     Type
  s               1    9[BANK0 ] unsigned char 
  motor           1    8[BANK0 ] unsigned char 
  dir             1    7[BANK0 ] unsigned char 
 Return value:  Size  Location     Type
                  1    wreg      void 
 Registers used:
		wreg, fsr0l, fsr0h, fsr1l, fsr1h, status,2, status,0, pclath, cstack
 Tracked objects:
		On entry : 
		On exit  : 
		Unchanged: 
 Data sizes:     COMMON   BANK0   BANK1   BANK2   BANK3   BANK4   BANK5   BANK6   BANK7   BANK8   BANK9  BANK10  BANK11  BANK12
      Params:         0       3       0       0       0       0       0       0       0       0       0       0       0       0
      Locals:         0       3       0       0       0       0       0       0       0       0       0       0       0       0
      Temps:          0       2       0       0       0       0       0       0       0       0       0       0       0       0
      Totals:         0       8       0       0       0       0       0       0       0       0       0       0       0       0
Total ram usage:        8 bytes
 Hardware stack levels used:    1
 Hardware stack levels required when called:    3
 This function calls:
		_revRoutine
		_setDrive
		_setDrive2
		_setRoutine
		i1_setMotors
 This function is called by:
		_handleWrite
 This function uses a non-reentrant model


 *************** function _setRoutine *****************
 Defined at:
		line 70 in file "settings.c"
 Parameters:    Size  Location     Type
  s               1    wreg     unsigned char 
 Auto vars:     Size  Location     Type
  s               1    0[BANK0 ] unsigned char 
  i               1    1[BANK0 ] unsigned char 
 Return value:  Size  Location     Type
                  1    wreg      void 
 Registers used:
		wreg, fsr0l, fsr0h, fsr1l, fsr1h, status,2, status,0, pclath, cstack
 Tracked objects:
		On entry : 
		On exit  : 
		Unchanged: 
 Data sizes:     COMMON   BANK0   BANK1   BANK2   BANK3   BANK4   BANK5   BANK6   BANK7   BANK8   BANK9  BANK10  BANK11  BANK12
      Params:         0       0       0       0       0       0       0       0       0       0       0       0       0       0
      Locals:         0       2       0       0       0       0       0       0       0       0       0       0       0       0
      Temps:          2       0       0       0       0       0       0       0       0       0       0       0       0       0
      Totals:         2       2       0       0       0       0       0       0       0       0       0       0       0       0
Total ram usage:        4 bytes
 Hardware stack levels used:    1
 Hardware stack levels required when called:    2
 This function calls:
		i1_setMotors
 This function is called by:
		_setStatus
 This function uses a non-reentrant model


 *************** function _setDrive2 *****************
 Defined at:
		line 252 in file "settings.c"
 Parameters:    Size  Location     Type
  dir             1    wreg     unsigned char 
  v               1    6[COMMON] unsigned char 
  v2              1    7[COMMON] unsigned char 
 Auto vars:     Size  Location     Type
  dir             1   10[COMMON] unsigned char 
 Return value:  Size  Location     Type
                  1    wreg      void 
 Registers used:
		wreg, fsr0l, fsr0h, status,2, status,0, pclath, cstack
 Tracked objects:
		On entry : 
		On exit  : 
		Unchanged: 
 Data sizes:     COMMON   BANK0   BANK1   BANK2   BANK3   BANK4   BANK5   BANK6   BANK7   BANK8   BANK9  BANK10  BANK11  BANK12
      Params:         2       0       0       0       0       0       0       0       0       0       0       0       0       0
      Locals:         1       0       0       0       0       0       0       0       0       0       0       0       0       0
      Temps:          2       0       0       0       0       0       0       0       0       0       0       0       0       0
      Totals:         5       0       0       0       0       0       0       0       0       0       0       0       0       0
Total ram usage:        5 bytes
 Hardware stack levels used:    1
 Hardware stack levels required when called:    1
 This function calls:
		i1_setPWM
 This function is called by:
		_setStatus
 This function uses a non-reentrant model


 *************** function _setDrive *****************
 Defined at:
		line 184 in file "settings.c"
 Parameters:    Size  Location     Type
  dir             1    wreg     unsigned char 
  v               1    6[COMMON] unsigned char 
 Auto vars:     Size  Location     Type
  dir             1    9[COMMON] unsigned char 
 Return value:  Size  Location     Type
                  1    wreg      void 
 Registers used:
		wreg, fsr0l, fsr0h, status,2, status,0, pclath, cstack
 Tracked objects:
		On entry : 
		On exit  : 
		Unchanged: 
 Data sizes:     COMMON   BANK0   BANK1   BANK2   BANK3   BANK4   BANK5   BANK6   BANK7   BANK8   BANK9  BANK10  BANK11  BANK12
      Params:         1       0       0       0       0       0       0       0       0       0       0       0       0       0
      Locals:         1       0       0       0       0       0       0       0       0       0       0       0       0       0
      Temps:          2       0       0       0       0       0       0       0       0       0       0       0       0       0
      Totals:         4       0       0       0       0       0       0       0       0       0       0       0       0       0
Total ram usage:        4 bytes
 Hardware stack levels used:    1
 Hardware stack levels required when called:    1
 This function calls:
		i1_setPWM
 This function is called by:
		_setStatus
 This function uses a non-reentrant model


 *************** function _revRoutine *****************
 Defined at:
		line 113 in file "settings.c"
 Parameters:    Size  Location     Type
  s               1    wreg     unsigned char 
 Auto vars:     Size  Location     Type
  s               1    0[BANK0 ] unsigned char 
 Return value:  Size  Location     Type
                  1    wreg      void 
 Registers used:
		wreg, fsr0l, fsr0h, fsr1l, fsr1h, status,2, status,0, pclath, cstack
 Tracked objects:
		On entry : 
		On exit  : 
		Unchanged: 
 Data sizes:     COMMON   BANK0   BANK1   BANK2   BANK3   BANK4   BANK5   BANK6   BANK7   BANK8   BANK9  BANK10  BANK11  BANK12
      Params:         0       0       0       0       0       0       0       0       0       0       0       0       0       0
      Locals:         0       1       0       0       0       0       0       0       0       0       0       0       0       0
      Temps:          3       0       0       0       0       0       0       0       0       0       0       0       0       0
      Totals:         3       1       0       0       0       0       0       0       0       0       0       0       0       0
Total ram usage:        4 bytes
 Hardware stack levels used:    1
 Hardware stack levels required when called:    2
 This function calls:
		i1_setMotors
 This function is called by:
		_setStatus
 This function uses a non-reentrant model


 *************** function i1_setMotors *****************
 Defined at:
		line 122 in file "settings.c"
 Parameters:    Size  Location     Type
  motor           1    wreg     unsigned char 
  dir             1    6[COMMON] unsigned char 
  v               1    7[COMMON] unsigned char 
 Auto vars:     Size  Location     Type
  motor           1   10[COMMON] unsigned char 
 Return value:  Size  Location     Type
                  1    wreg      void 
 Registers used:
		wreg, fsr0l, fsr0h, fsr1l, fsr1h, status,2, status,0, pclath, cstack
 Tracked objects:
		On entry : 
		On exit  : 
		Unchanged: 
 Data sizes:     COMMON   BANK0   BANK1   BANK2   BANK3   BANK4   BANK5   BANK6   BANK7   BANK8   BANK9  BANK10  BANK11  BANK12
      Params:         2       0       0       0       0       0       0       0       0       0       0       0       0       0
      Locals:         1       0       0       0       0       0       0       0       0       0       0       0       0       0
      Temps:          2       0       0       0       0       0       0       0       0       0       0       0       0       0
      Totals:         5       0       0       0       0       0       0       0       0       0       0       0       0       0
Total ram usage:        5 bytes
 Hardware stack levels used:    1
 Hardware stack levels required when called:    1
 This function calls:
		i1___bmul
		i1_setPWM
 This function is called by:
		_setStatus
		_setRoutine
		_revRoutine
 This function uses a non-reentrant model


 *************** function i1_setPWM *****************
 Defined at:
		line 43 in file "settings.c"
 Parameters:    Size  Location     Type
  module          1    wreg     unsigned char 
  pwm             1    0[COMMON] unsigned char 
 Auto vars:     Size  Location     Type
  module          1    3[COMMON] unsigned char 
 Return value:  Size  Location     Type
                  1    wreg      void 
 Registers used:
		wreg, fsr0l, fsr0h, status,2, status,0
 Tracked objects:
		On entry : 
		On exit  : 
		Unchanged: 
 Data sizes:     COMMON   BANK0   BANK1   BANK2   BANK3   BANK4   BANK5   BANK6   BANK7   BANK8   BANK9  BANK10  BANK11  BANK12
      Params:         1       0       0       0       0       0       0       0       0       0       0       0       0       0
      Locals:         3       0       0       0       0       0       0       0       0       0       0       0       0       0
      Temps:          2       0       0       0       0       0       0       0       0       0       0       0       0       0
      Totals:         6       0       0       0       0       0       0       0       0       0       0       0       0       0
Total ram usage:        6 bytes
 Hardware stack levels used:    1
 This function calls:
		Nothing
 This function is called by:
		_setDrive
		_setDrive2
		i1_setMotors
 This function uses a non-reentrant model


 *************** function i1___bmul *****************
 Defined at:
		line 4 in file "/opt/microchip/xc8/v2.10/pic/sources/c99/common/Umul8.c"
 Parameters:    Size  Location     Type
  multiplier      1    wreg     unsigned char 
  multiplicand    1    0[COMMON] unsigned char 
 Auto vars:     Size  Location     Type
  multiplier      1    3[COMMON] unsigned char 
  __bmul          1    2[COMMON] unsigned char 
 Return value:  Size  Location     Type
                  1    wreg      unsigned char 
 Registers used:
		wreg, status,2, status,0
 Tracked objects:
		On entry : 
		On exit  : 
		Unchanged: 
 Data sizes:     COMMON   BANK0   BANK1   BANK2   BANK3   BANK4   BANK5   BANK6   BANK7   BANK8   BANK9  BANK10  BANK11  BANK12
      Params:         1       0       0       0       0       0       0       0       0       0       0       0       0       0
      Locals:         2       0       0       0       0       0       0       0       0       0       0       0       0       0
      Temps:          1       0       0       0       0       0       0       0       0       0       0       0       0       0
      Totals:         4       0       0       0       0       0       0       0       0       0       0       0       0       0
Total ram usage:        4 bytes
 Hardware stack levels used:    1
 This function calls:
		Nothing
 This function is called by:
		i1_setMotors
 This function uses a non-reentrant model


 *************** function _handleRead *****************
 Defined at:
		line 64 in file "i2c.c"
 Parameters:    Size  Location     Type
		None
 Auto vars:     Size  Location     Type
		None
 Return value:  Size  Location     Type
                  1    wreg      void 
 Registers used:
		wreg, fsr0l, fsr0h, status,2, status,0
 Tracked objects:
		On entry : 
		On exit  : 
		Unchanged: 
 Data sizes:     COMMON   BANK0   BANK1   BANK2   BANK3   BANK4   BANK5   BANK6   BANK7   BANK8   BANK9  BANK10  BANK11  BANK12
      Params:         0       0       0       0       0       0       0       0       0       0       0       0       0       0
      Locals:         0       0       0       0       0       0       0       0       0       0       0       0       0       0
      Temps:          2       0       0       0       0       0       0       0       0       0       0       0       0       0
      Totals:         2       0       0       0       0       0       0       0       0       0       0       0       0       0
Total ram usage:        2 bytes
 Hardware stack levels used:    1
 This function calls:
		Nothing
 This function is called by:
		_i2cISR
 This function uses a non-reentrant model



MODULE INFORMATION

Module		Function		Class		Link	Load	Size
settings.c
		_setDrive      		CODE           	06D5	0000	223
		_setDrive2     		CODE           	0EB2	0000	153
		_setMotors     		CODE           	03F4	0000	372
		_setRoutine    		CODE           	0F4A	0000	183
		_setStatus     		CODE           	0C9F	0000	114
		_revRoutine    		CODE           	0AB0	0000	44
		_setPWM        		CODE           	0BE9	0000	86

settings.c estimated size: 1175

i2c.c
		_i2cISR        		CODE           	0ADB	0000	49
		_handleRead    		CODE           	0B0B	0000	56
		_handleWrite   		CODE           	0B42	0000	84

i2c.c estimated size: 189

/opt/microchip/xc8/v2.10/pic/sources/c99/common/Umul8.c
		___bmul        		CODE           	0A36	0000	23

/opt/microchip/xc8/v2.10/pic/sources/c99/common/Umul8.c estimated size: 23

Main.c
		_ISR           		CODE           	0004	0000	13
		_main          		CODE           	0A6C	0000	34

Main.c estimated size: 47

shared
		i1_setMotors   		CODE           	0567	0000	367
		__initialization		CODE           	0012	0000	9
		i1_setPWM      		CODE           	0B95	0000	85
		i1___bmul      		CODE           	0A0B	0000	22

shared estimated size: 483

updates.c
		_updateMotors  		CODE           	0D93	0000	143
		_updateSys     		CODE           	0A4C	0000	33
		_setProps      		CODE           	07B3	0000	73
		_updateMovement		CODE           	001E	0000	983
		_testButtons   		CODE           	0D10	0000	132
		_updateTime    		CODE           	0E21	0000	146

updates.c estimated size: 1510

configs.c
		_configureI2C  		CODE           	0A20	0000	23
		_configurePWM  		CODE           	0C3E	0000	98
		_configureCPU  		CODE           	09F1	0000	11
		_configureIOs  		CODE           	0A8D	0000	36
		_configureTimers		CODE           	09FB	0000	17

configs.c estimated size: 185

